C:\Users\14041\AppData\Roaming\winclaw\.openclaw\workspace\养老金计算平台\engine\pension-engine.js:490
}
^

SyntaxError: Unexpected token '}'
    at wrapSafe (node:internal/modules/cjs/loader:1637:18)
    at Module._compile (node:internal/modules/cjs/loader:1679:20)
    at Object..js (node:internal/modules/cjs/loader:1838:10)
    at Module.load (node:internal/modules/cjs/loader:1441:32)
    at Function._load (node:internal/modules/cjs/loader:1263:12)
    at TracingChannel.traceSync (node:diagnostics_channel:328:14)
    at wrapModuleLoad (node:internal/modules/cjs/loader:237:24)
    at Module.require (node:internal/modules/cjs/loader:1463:12)
    at require (node:internal/modules/helpers:147:16)
    at Object.<anonymous> (C:\Users\14041\AppData\Roaming\winclaw\.openclaw\workspace\养老金计算平台\test_all_provinces.js:6:23)

Node.js v22.22.2
